<?xml version="1.0" encoding="UTF-8"?><mappingRoot xmlns="http://www.ibm.com/2008/ccl/Mapping" domainID="com.ibm.msl.mapping.xml" domainIDExtension="mb" mainMap="true" targetNamespace="default" version="8.0.5.0" xmlns:map="default">
    <input path="/group-completed.xsd" var="var2"/>
    <input path="/ProductList.xsd" var="var"/>
    <output path="/ProductList.xsd" var="var1"/>
    <namespaces>
        <namespace kind="supplement" prefix="out" uri="http://www.ibm.com/iib/msl/json"/>
        <namespace kind="supplement" prefix="io" uri="https://www.refactorit.sk"/>
        <namespace kind="supplement" prefix="in" uri="https://www.refactorit.sk/generic"/>
    </namespaces>
    <generation engine="xquery"/>
    <mappingDeclaration name="MappingParallelization_FanInReplies">
        <input path="$var2/mb:msg(Group,assembly,XMLNSC,Properties)" var="MessageAssembly">
            <cast path="$MessageAssembly/Group/Replies/CallableFlowRequestFolder/Reply/Root/XMLNSC/any" qualifier="{https://www.refactorit.sk}product" ref="var" var="any"/>
        </input>
        <output namespace="https://www.refactorit.sk" path="$var1/mb:msg(product-list,assembly,XMLNSC,Properties)" var="MessageAssembly1"/>
        <foreach>
            <input path="$MessageAssembly/Group/Replies/CallableFlowRequestFolder"/>
            <output path="$MessageAssembly1/product-list/product"/>
            <move>
                <input path="Reply/Root/XMLNSC/product/id"/>
                <output path="id"/>
            </move>
        </foreach>
    </mappingDeclaration>
</mappingRoot>